// Jest Snapshot v1, https://goo.gl/fbAQLP

exports[`renders correctly 1`] = `
<DocumentFragment>
  <div
    class="filter-task-wrap"
  >
    <span
      class=""
      data-status="All"
    >
      All
    </span>
    <span
      class=""
      data-status="Uncompleted"
    >
      Uncompleted
    </span>
    <span
      class=""
      data-status="Completed"
    >
      Completed
    </span>
  </div>
</DocumentFragment>
`;
